#
# There is insufficient memory for the Java Runtime Environment to continue.
# Native memory allocation (malloc) failed to allocate 1048576 bytes. Error detail: AllocateHeap
# Possible reasons:
#   The system is out of physical RAM or swap space
#   This process is running with CompressedOops enabled, and the Java Heap may be blocking the growth of the native heap
# Possible solutions:
#   Reduce memory load on the system
#   Increase physical memory or swap space
#   Check if swap backing store is full
#   Decrease Java heap size (-Xmx/-Xms)
#   Decrease number of Java threads
#   Decrease Java thread stack sizes (-Xss)
#   Set larger code cache with -XX:ReservedCodeCacheSize=
#   JVM is running with Unscaled Compressed Oops mode in which the Java heap is
#     placed in the first 4GB address space. The Java Heap base address is the
#     maximum limit for the native heap growth. Please use -XX:HeapBaseMinAddress
#     to set the Java Heap base and to place the Java Heap above 4GB virtual address.
# This output file may be truncated or incomplete.
#
#  Out of Memory Error (allocation.cpp:44), pid=17692, tid=12228
#
# JRE version: OpenJDK Runtime Environment Temurin-21.0.9+10 (21.0.9+10) (build 21.0.9+10-LTS)
# Java VM: OpenJDK 64-Bit Server VM Temurin-21.0.9+10 (21.0.9+10-LTS, mixed mode, sharing, tiered, compressed oops, compressed class ptrs, parallel gc, windows-amd64)
# No core dump will be written. Minidumps are not enabled by default on client versions of Windows
#

---------------  S U M M A R Y ------------

Command Line: --add-modules=ALL-SYSTEM --add-opens=java.base/java.util=ALL-UNNAMED --add-opens=java.base/java.lang=ALL-UNNAMED --add-opens=java.base/sun.nio.fs=ALL-UNNAMED -Declipse.application=org.eclipse.jdt.ls.core.id1 -Dosgi.bundles.defaultStartLevel=4 -Declipse.product=org.eclipse.jdt.ls.core.product -Djava.import.generatesMetadataFilesAtProjectRoot=false -DDetectVMInstallationsJob.disabled=true -Dfile.encoding=utf8 -XX:+UseParallelGC -XX:GCTimeRatio=4 -XX:AdaptiveSizePolicyWeight=90 -Dsun.zip.disableMemoryMapping=true -Xmx2G -Xms100m -Xlog:disable -javaagent:c:\Users\User\.antigravity\extensions\redhat.java-1.52.0-win32-x64\lombok\lombok-1.18.39-4050.jar -XX:+HeapDumpOnOutOfMemoryError -XX:HeapDumpPath=c:\Users\User\AppData\Roaming\Antigravity\User\workspaceStorage\93b6b1e887c4ae0d3dfc0cf0fe947aff\redhat.java -Daether.dependencyCollector.impl=bf c:\Users\User\.antigravity\extensions\redhat.java-1.52.0-win32-x64\server\plugins\org.eclipse.equinox.launcher_1.7.100.v20251111-0406.jar -configuration c:\Users\User\AppData\Roaming\Antigravity\User\globalStorage\redhat.java\1.52.0\config_win -data c:\Users\User\AppData\Roaming\Antigravity\User\workspaceStorage\93b6b1e887c4ae0d3dfc0cf0fe947aff\redhat.java\jdt_ws --pipe=\\.\pipe\lsp-66a483315dc621e4fdd583570c21c26d-sock

Host: Intel(R) Core(TM) i7-6700HQ CPU @ 2.60GHz, 8 cores, 11G,  Windows 10 , 64 bit Build 19041 (10.0.19041.5915)
Time: Sat Feb 28 02:45:54 2026 Malay Peninsula Standard Time elapsed time: 12776.175054 seconds (0d 3h 32m 56s)

---------------  T H R E A D  ---------------

Current thread (0x0000021de4be7050):  JavaThread "Attach Listener" daemon [_thread_in_vm, id=12228, stack(0x00000070f4100000,0x00000070f4200000) (1024K)]

Stack: [0x00000070f4100000,0x00000070f4200000]
Native frames: (J=compiled Java code, j=interpreted, Vv=VM code, C=native code)
V  [jvm.dll+0x6d6e29]
V  [jvm.dll+0x8b4b76]
V  [jvm.dll+0x8b712e]
V  [jvm.dll+0x8b7813]
V  [jvm.dll+0x283d86]
V  [jvm.dll+0xc1277]
V  [jvm.dll+0x6d76d9]
V  [jvm.dll+0x133466]
V  [jvm.dll+0x3f7ea6]
V  [jvm.dll+0x85e9ad]
V  [jvm.dll+0x6d565d]
C  [ucrtbase.dll+0x21bb2]
C  [KERNEL32.DLL+0x17374]
C  [ntdll.dll+0x4cc91]


---------------  P R O C E S S  ---------------

Threads class SMR info:
_java_thread_list=0x0000021dee775990, length=41, elements={
0x0000021dce170e00, 0x0000021de4be0bb0, 0x0000021de4be2060, 0x0000021de4be6400,
0x0000021de4be7050, 0x0000021de4be9ab0, 0x0000021de4bea500, 0x0000021de4beb330,
0x0000021de4c15be0, 0x0000021de6686050, 0x0000021de67b7920, 0x0000021deb6fbc30,
0x0000021deb6b1660, 0x0000021deba2a550, 0x0000021deba21b70, 0x0000021debaa6130,
0x0000021deb782fa0, 0x0000021debeb4810, 0x0000021deb558570, 0x0000021deb0bcd30,
0x0000021ded5e0240, 0x0000021ded5e64b0, 0x0000021ded5e29a0, 0x0000021ded5e5100,
0x0000021ded5e4a70, 0x0000021ded5e5790, 0x0000021ded5e6b40, 0x0000021ded5e3030,
0x0000021ded5e36c0, 0x0000021ded5e3d50, 0x0000021ded5e08d0, 0x0000021ded5e71d0,
0x0000021dec73f2d0, 0x0000021def9318a0, 0x0000021def930b80, 0x0000021def92c9e0,
0x0000021def9304f0, 0x0000021def931210, 0x0000021def92a910, 0x0000021def931f30,
0x0000021def92afa0
}

Java Threads: ( => current thread )
  0x0000021dce170e00 JavaThread "main"                              [_thread_blocked, id=12952, stack(0x00000070f3a00000,0x00000070f3b00000) (1024K)]
  0x0000021de4be0bb0 JavaThread "Reference Handler"          daemon [_thread_blocked, id=9488, stack(0x00000070f3e00000,0x00000070f3f00000) (1024K)]
  0x0000021de4be2060 JavaThread "Finalizer"                  daemon [_thread_blocked, id=20556, stack(0x00000070f3f00000,0x00000070f4000000) (1024K)]
  0x0000021de4be6400 JavaThread "Signal Dispatcher"          daemon [_thread_blocked, id=21052, stack(0x00000070f4000000,0x00000070f4100000) (1024K)]
=>0x0000021de4be7050 JavaThread "Attach Listener"            daemon [_thread_in_vm, id=12228, stack(0x00000070f4100000,0x00000070f4200000) (1024K)]
  0x0000021de4be9ab0 JavaThread "Service Thread"             daemon [_thread_blocked, id=13344, stack(0x00000070f4200000,0x00000070f4300000) (1024K)]
  0x0000021de4bea500 JavaThread "Monitor Deflation Thread"   daemon [_thread_blocked, id=3528, stack(0x00000070f4300000,0x00000070f4400000) (1024K)]
  0x0000021de4beb330 JavaThread "C2 CompilerThread0"         daemon [_thread_blocked, id=14200, stack(0x00000070f4400000,0x00000070f4500000) (1024K)]
  0x0000021de4c15be0 JavaThread "C1 CompilerThread0"         daemon [_thread_blocked, id=19528, stack(0x00000070f4500000,0x00000070f4600000) (1024K)]
  0x0000021de6686050 JavaThread "Common-Cleaner"             daemon [_thread_blocked, id=2060, stack(0x00000070f4600000,0x00000070f4700000) (1024K)]
  0x0000021de67b7920 JavaThread "Notification Thread"        daemon [_thread_blocked, id=16476, stack(0x00000070f4700000,0x00000070f4800000) (1024K)]
  0x0000021deb6fbc30 JavaThread "Active Thread: Equinox Container: 931868e9-cbca-4680-92c6-1ab414094dcb"        [_thread_blocked, id=11684, stack(0x00000070f5000000,0x00000070f5100000) (1024K)]
  0x0000021deb6b1660 JavaThread "Refresh Thread: Equinox Container: 931868e9-cbca-4680-92c6-1ab414094dcb" daemon [_thread_blocked, id=20304, stack(0x00000070f5200000,0x00000070f5300000) (1024K)]
  0x0000021deba2a550 JavaThread "Framework Event Dispatcher: Equinox Container: 931868e9-cbca-4680-92c6-1ab414094dcb" daemon [_thread_blocked, id=8024, stack(0x00000070f5300000,0x00000070f5400000) (1024K)]
  0x0000021deba21b70 JavaThread "Start Level: Equinox Container: 931868e9-cbca-4680-92c6-1ab414094dcb" daemon [_thread_blocked, id=10040, stack(0x00000070f5400000,0x00000070f5500000) (1024K)]
  0x0000021debaa6130 JavaThread "Bundle File Closer"         daemon [_thread_blocked, id=20564, stack(0x00000070f4f00000,0x00000070f5000000) (1024K)]
  0x0000021deb782fa0 JavaThread "SCR Component Actor"        daemon [_thread_blocked, id=15580, stack(0x00000070f4800000,0x00000070f4900000) (1024K)]
  0x0000021debeb4810 JavaThread "Worker-JM"                         [_thread_blocked, id=14116, stack(0x00000070f5500000,0x00000070f5600000) (1024K)]
  0x0000021deb558570 JavaThread "JNA Cleaner"                daemon [_thread_blocked, id=18528, stack(0x00000070f5600000,0x00000070f5700000) (1024K)]
  0x0000021deb0bcd30 JavaThread "Java indexing"              daemon [_thread_blocked, id=1960, stack(0x00000070f5c00000,0x00000070f5d00000) (1024K)]
  0x0000021ded5e0240 JavaThread "Thread-1"                   daemon [_thread_in_native, id=10216, stack(0x00000070f6100000,0x00000070f6200000) (1024K)]
  0x0000021ded5e64b0 JavaThread "Thread-2"                   daemon [_thread_in_native, id=14548, stack(0x00000070f6200000,0x00000070f6300000) (1024K)]
  0x0000021ded5e29a0 JavaThread "Thread-3"                   daemon [_thread_in_native, id=21076, stack(0x00000070f6300000,0x00000070f6400000) (1024K)]
  0x0000021ded5e5100 JavaThread "Thread-4"                   daemon [_thread_in_native, id=14460, stack(0x00000070f6400000,0x00000070f6500000) (1024K)]
  0x0000021ded5e4a70 JavaThread "Thread-5"                   daemon [_thread_in_native, id=19540, stack(0x00000070f6500000,0x00000070f6600000) (1024K)]
  0x0000021ded5e5790 JavaThread "Thread-6"                   daemon [_thread_in_native, id=18768, stack(0x00000070f6600000,0x00000070f6700000) (1024K)]
  0x0000021ded5e6b40 JavaThread "Thread-7"                   daemon [_thread_in_native, id=4844, stack(0x00000070f6700000,0x00000070f6800000) (1024K)]
  0x0000021ded5e3030 JavaThread "Thread-8"                   daemon [_thread_in_native, id=21376, stack(0x00000070f6800000,0x00000070f6900000) (1024K)]
  0x0000021ded5e36c0 JavaThread "Thread-9"                   daemon [_thread_in_native, id=1376, stack(0x00000070f6900000,0x00000070f6a00000) (1024K)]
  0x0000021ded5e3d50 JavaThread "pool-2-thread-1"                   [_thread_blocked, id=3524, stack(0x00000070f6a00000,0x00000070f6b00000) (1024K)]
  0x0000021ded5e08d0 JavaThread "WorkspaceEventsHandler"            [_thread_blocked, id=10516, stack(0x00000070f6b00000,0x00000070f6c00000) (1024K)]
  0x0000021ded5e71d0 JavaThread "pool-1-thread-1"                   [_thread_blocked, id=17072, stack(0x00000070f6c00000,0x00000070f6d00000) (1024K)]
  0x0000021dec73f2d0 JavaThread "Cleaner-0"                  daemon [_thread_blocked, id=3652, stack(0x00000070f7500000,0x00000070f7600000) (1024K)]
  0x0000021def9318a0 JavaThread "Worker-27"                         [_thread_blocked, id=16812, stack(0x00000070f5700000,0x00000070f5800000) (1024K)]
  0x0000021def930b80 JavaThread "Worker-29: Periodic workspace save."        [_thread_in_Java, id=7304, stack(0x00000070f3900000,0x00000070f3a00000) (1024K)]
  0x0000021def92c9e0 JavaThread "Compiler Source File Reader" daemon [_thread_blocked, id=20736, stack(0x00000070f5800000,0x00000070f5900000) (1024K)]
  0x0000021def9304f0 JavaThread "Compiler Source File Reader" daemon [_thread_blocked, id=16364, stack(0x00000070f5d00000,0x00000070f5e00000) (1024K)]
  0x0000021def931210 JavaThread "Compiler Source File Reader" daemon [_thread_in_vm, id=12752, stack(0x00000070f5f00000,0x00000070f6000000) (1024K)]
  0x0000021def92a910 JavaThread "Compiler Source File Reader" daemon [_thread_in_vm, id=11556, stack(0x00000070f6000000,0x00000070f6100000) (1024K)]
  0x0000021def931f30 JavaThread "Compiler Source File Reader" daemon [_thread_in_vm, id=14320, stack(0x00000070f6d00000,0x00000070f6e00000) (1024K)]
  0x0000021def92afa0 JavaThread "Compiler Source File Reader" daemon [_thread_blocked, id=7184, stack(0x00000070f6e00000,0x00000070f6f00000) (1024K)]
Total: 41

Other Threads:
  0x0000021de4bd25d0 VMThread "VM Thread"                           [id=15708, stack(0x00000070f3d00000,0x00000070f3e00000) (1024K)]
  0x0000021dce1dac70 WatcherThread "VM Periodic Task Thread"        [id=20744, stack(0x00000070f3c00000,0x00000070f3d00000) (1024K)]
  0x0000021dce18ddc0 WorkerThread "GC Thread#0"                     [id=17768, stack(0x00000070f3b00000,0x00000070f3c00000) (1024K)]
  0x0000021deb7af5e0 WorkerThread "GC Thread#1"                     [id=20936, stack(0x00000070f4900000,0x00000070f4a00000) (1024K)]
  0x0000021deb7af980 WorkerThread "GC Thread#2"                     [id=4152, stack(0x00000070f4a00000,0x00000070f4b00000) (1024K)]
  0x0000021deb476380 WorkerThread "GC Thread#3"                     [id=3696, stack(0x00000070f4b00000,0x00000070f4c00000) (1024K)]
  0x0000021deb476720 WorkerThread "GC Thread#4"                     [id=17948, stack(0x00000070f4c00000,0x00000070f4d00000) (1024K)]
  0x0000021deb476ac0 WorkerThread "GC Thread#5"                     [id=17772, stack(0x00000070f4d00000,0x00000070f4e00000) (1024K)]
  0x0000021deb6750f0 WorkerThread "GC Thread#6"                     [id=11572, stack(0x00000070f4e00000,0x00000070f4f00000) (1024K)]
  0x0000021deb6b12c0 WorkerThread "GC Thread#7"                     [id=21008, stack(0x00000070f5100000,0x00000070f5200000) (1024K)]
Total: 10

Threads with active compile tasks:
Total: 0

VM state: not at safepoint (normal execution)

VM Mutex/Monitor currently owned by a thread: None

Heap address: 0x0000000080000000, size: 2048 MB, Compressed Oops mode: 32-bit

CDS archive(s) mapped at: [0x0000021d80000000-0x0000021d80ba0000-0x0000021d80ba0000), size 12189696, SharedBaseAddress: 0x0000021d80000000, ArchiveRelocationMode: 1.
Compressed class space mapped at: 0x0000021d81000000-0x0000021dc1000000, reserved size: 1073741824
Narrow klass base: 0x0000021d80000000, Narrow klass shift: 0, Narrow klass range: 0x100000000

GC Precious Log:
 CardTable entry size: 512
 CPUs: 8 total, 8 available
 Memory: 12183M
 Large Page Support: Disabled
 NUMA Support: Disabled
 Compressed Oops: Enabled (32-bit)
 Alignments: Space 512K, Generation 512K, Heap 2M
 Heap Min Capacity: 100M
 Heap Initial Capacity: 100M
 Heap Max Capacity: 2G
 Pre-touch: Disabled
 Parallel Workers: 8

Heap:
 PSYoungGen      total 301568K, used 173980K [0x00000000d5580000, 0x00000000ea980000, 0x0000000100000000)
  eden space 301056K, 57% used [0x00000000d5580000,0x00000000dff33108,0x00000000e7b80000)
  from space 512K, 40% used [0x00000000ea880000,0x00000000ea8b4010,0x00000000ea900000)
  to   space 512K, 0% used [0x00000000ea900000,0x00000000ea900000,0x00000000ea980000)
 ParOldGen       total 1034752K, used 1032534K [0x0000000080000000, 0x00000000bf280000, 0x00000000d5580000)
  object space 1034752K, 99% used [0x0000000080000000,0x00000000bf0558c8,0x00000000bf280000)
 Metaspace       used 88000K, committed 89536K, reserved 1179648K
  class space    used 8716K, committed 9408K, reserved 1048576K

Card table byte_map: [0x0000021dcdb40000,0x0000021dcdf50000] _byte_map_base: 0x0000021dcd740000

Marking Bits: (ParMarkBitMap*) 0x00007ff8875e2460
 Begin Bits: [0x0000021de0630000, 0x0000021de2630000)
 End Bits:   [0x0000021de2630000, 0x0000021de4630000)

Polling page: 0x0000021dcbf90000

Metaspace:

Usage:
  Non-class:     77.43 MB used.
      Class:      8.51 MB used.
       Both:     85.94 MB used.

Virtual space:
  Non-class space:      128.00 MB reserved,      78.25 MB ( 61%) committed,  2 nodes.
      Class space:        1.00 GB reserved,       9.19 MB ( <1%) committed,  1 nodes.
             Both:        1.12 GB reserved,      87.44 MB (  8%) committed. 

Chunk freelists:
   Non-Class:  1.78 MB
       Class:  6.82 MB
        Both:  8.60 MB

MaxMetaspaceSize: unlimited
CompressedClassSpaceSize: 1.00 GB
Initial GC threshold: 21.00 MB
Current GC threshold: 144.69 MB
CDS: on
 - commit_granule_bytes: 65536.
 - commit_granule_words: 8192.
 - virtual_space_node_default_size: 8388608.
 - enlarge_chunks_in_place: 1.
 - use_allocation_guard: 0.


Internal statistics:

num_allocs_failed_limit: 9.
num_arena_births: 1846.
num_arena_deaths: 520.
num_vsnodes_births: 3.
num_vsnodes_deaths: 0.
num_space_committed: 1399.
num_space_uncommitted: 0.
num_chunks_returned_to_freelist: 631.
num_chunks_taken_from_freelist: 6525.
num_chunk_merges: 189.
num_chunk_splits: 3682.
num_chunks_enlarged: 1995.
num_inconsistent_stats: 0.

CodeHeap 'non-profiled nmethods': size=120000Kb used=19909Kb max_used=19909Kb free=100091Kb
 bounds [0x0000021dd8e50000, 0x0000021dda1d0000, 0x0000021de0380000]
CodeHeap 'profiled nmethods': size=120000Kb used=30484Kb max_used=37698Kb free=89515Kb
 bounds [0x0000021dd1380000, 0x0000021dd3890000, 0x0000021dd88b0000]
CodeHeap 'non-nmethods': size=5760Kb used=1504Kb max_used=1643Kb free=4255Kb
 bounds [0x0000021dd88b0000, 0x0000021dd8b20000, 0x0000021dd8e50000]
CodeCache: size=245760Kb, used=51897Kb, max_used=59250Kb, free=193861Kb
 total_blobs=14387, nmethods=13563, adapters=726, full_count=0
Compilation: enabled, stopped_count=0, restarted_count=0

Compilation events (20 events):
Event: 12524.056 Thread 0x0000021de4c15be0 nmethod 28463 0x0000021dd2f15b90 code [0x0000021dd2f15d20, 0x0000021dd2f15e38]
Event: 12526.694 Thread 0x0000021de4beb330 nmethod 28457 0x0000021dda1a0e90 code [0x0000021dda1a3080, 0x0000021dda1b22f8]
Event: 12526.697 Thread 0x0000021de4beb330 28458       4       java.util.Calendar::setFieldsComputed (118 bytes)
Event: 12526.703 Thread 0x0000021de4beb330 nmethod 28458 0x0000021dda1bda10 code [0x0000021dda1bdbc0, 0x0000021dda1bddb8]
Event: 12754.676 Thread 0x0000021de4c15be0 28464       1       org.eclipse.core.internal.resources.LocalMetaArea::getWorkspace (5 bytes)
Event: 12754.709 Thread 0x0000021de4c15be0 nmethod 28464 0x0000021dda1bdf10 code [0x0000021dda1be0a0, 0x0000021dda1be168]
Event: 12761.400 Thread 0x0000021de4c15be0 28465       3       jdk.xml.internal.JdkXmlUtils::getValue (56 bytes)
Event: 12761.604 Thread 0x0000021de4c15be0 nmethod 28465 0x0000021dd2390990 code [0x0000021dd2390c00, 0x0000021dd2391668]
Event: 12774.024 Thread 0x0000021de4beb330 28466       4       org.eclipse.jdt.internal.core.ClasspathEntry::hashCode (8 bytes)
Event: 12774.098 Thread 0x0000021de4beb330 nmethod 28466 0x0000021dda1be210 code [0x0000021dda1be3a0, 0x0000021dda1be4b0]
Event: 12774.415 Thread 0x0000021de4c15be0 28467       1       org.eclipse.jdt.launching.AbstractVMInstall::getInstallLocation (5 bytes)
Event: 12774.421 Thread 0x0000021de4c15be0 nmethod 28467 0x0000021dda1be610 code [0x0000021dda1be7a0, 0x0000021dda1be868]
Event: 12774.578 Thread 0x0000021de4beb330 28468       4       java.util.stream.AbstractSpinedBuffer::count (31 bytes)
Event: 12774.591 Thread 0x0000021de4beb330 nmethod 28468 0x0000021dda1be910 code [0x0000021dda1beaa0, 0x0000021dda1beb80]
Event: 12774.916 Thread 0x0000021de4c15be0 28469       3       java.io.ObjectOutputStream$ReplaceTable::assign (33 bytes)
Event: 12774.919 Thread 0x0000021de4c15be0 nmethod 28469 0x0000021dd2390290 code [0x0000021dd2390460, 0x0000021dd2390800]
Event: 12774.928 Thread 0x0000021de4beb330 28470       4       java.util.Arrays::fill (28 bytes)
Event: 12775.034 Thread 0x0000021de4beb330 nmethod 28470 0x0000021dda1bec90 code [0x0000021dda1bee20, 0x0000021dda1bf1d0]
Event: 12775.215 Thread 0x0000021de4beb330 28471       4       org.eclipse.core.internal.dtree.AbstractDataTreeNode::simplifyWithParent (120 bytes)
Event: 12775.420 Thread 0x0000021de4beb330 nmethod 28471 0x0000021dda1bf390 code [0x0000021dda1bf640, 0x0000021dda1c08f0]

GC Heap History (20 events):
Event: 12504.448 GC heap before
{Heap before GC invocations=1530 (full 14):
 PSYoungGen      total 371712K, used 371359K [0x00000000d5580000, 0x00000000ed400000, 0x0000000100000000)
  eden space 361984K, 100% used [0x00000000d5580000,0x00000000eb700000,0x00000000eb700000)
  from space 9728K, 96% used [0x00000000ec700000,0x00000000ed027c48,0x00000000ed080000)
  to   space 3584K, 0% used [0x00000000ed080000,0x00000000ed080000,0x00000000ed400000)
 ParOldGen       total 940032K, used 939707K [0x0000000080000000, 0x00000000b9600000, 0x00000000d5580000)
  object space 940032K, 99% used [0x0000000080000000,0x00000000b95aeda0,0x00000000b9600000)
 Metaspace       used 87980K, committed 89536K, reserved 1179648K
  class space    used 8716K, committed 9408K, reserved 1048576K
}
Event: 12504.472 GC heap after
{Heap after GC invocations=1530 (full 14):
 PSYoungGen      total 349184K, used 3583K [0x00000000d5580000, 0x00000000ed800000, 0x0000000100000000)
  eden space 345600K, 0% used [0x00000000d5580000,0x00000000d5580000,0x00000000ea700000)
  from space 3584K, 99% used [0x00000000ed080000,0x00000000ed3ffdf8,0x00000000ed400000)
  to   space 25088K, 0% used [0x00000000ea700000,0x00000000ea700000,0x00000000ebf80000)
 ParOldGen       total 958976K, used 958776K [0x0000000080000000, 0x00000000ba880000, 0x00000000d5580000)
  object space 958976K, 99% used [0x0000000080000000,0x00000000ba84e130,0x00000000ba880000)
 Metaspace       used 87980K, committed 89536K, reserved 1179648K
  class space    used 8716K, committed 9408K, reserved 1048576K
}
Event: 12504.647 GC heap before
{Heap before GC invocations=1531 (full 14):
 PSYoungGen      total 349184K, used 347707K [0x00000000d5580000, 0x00000000ed800000, 0x0000000100000000)
  eden space 345600K, 99% used [0x00000000d5580000,0x00000000ea58efd8,0x00000000ea700000)
  from space 3584K, 99% used [0x00000000ed080000,0x00000000ed3ffdf8,0x00000000ed400000)
  to   space 25088K, 0% used [0x00000000ea700000,0x00000000ea700000,0x00000000ebf80000)
 ParOldGen       total 958976K, used 958776K [0x0000000080000000, 0x00000000ba880000, 0x00000000d5580000)
  object space 958976K, 99% used [0x0000000080000000,0x00000000ba84e130,0x00000000ba880000)
 Metaspace       used 87985K, committed 89536K, reserved 1179648K
  class space    used 8716K, committed 9408K, reserved 1048576K
}
Event: 12504.659 GC heap after
{Heap after GC invocations=1531 (full 14):
 PSYoungGen      total 351744K, used 21111K [0x00000000d5580000, 0x00000000ed100000, 0x0000000100000000)
  eden space 330240K, 0% used [0x00000000d5580000,0x00000000d5580000,0x00000000e9800000)
  from space 21504K, 98% used [0x00000000ea700000,0x00000000ebb9df80,0x00000000ebc00000)
  to   space 21504K, 0% used [0x00000000ebc00000,0x00000000ebc00000,0x00000000ed100000)
 ParOldGen       total 959488K, used 959169K [0x0000000080000000, 0x00000000ba900000, 0x00000000d5580000)
  object space 959488K, 99% used [0x0000000080000000,0x00000000ba8b0448,0x00000000ba900000)
 Metaspace       used 87985K, committed 89536K, reserved 1179648K
  class space    used 8716K, committed 9408K, reserved 1048576K
}
Event: 12504.702 GC heap before
{Heap before GC invocations=1532 (full 14):
 PSYoungGen      total 351744K, used 340823K [0x00000000d5580000, 0x00000000ed100000, 0x0000000100000000)
  eden space 330240K, 96% used [0x00000000d5580000,0x00000000e8db8010,0x00000000e9800000)
  from space 21504K, 98% used [0x00000000ea700000,0x00000000ebb9df80,0x00000000ebc00000)
  to   space 21504K, 0% used [0x00000000ebc00000,0x00000000ebc00000,0x00000000ed100000)
 ParOldGen       total 959488K, used 959169K [0x0000000080000000, 0x00000000ba900000, 0x00000000d5580000)
  object space 959488K, 99% used [0x0000000080000000,0x00000000ba8b0448,0x00000000ba900000)
 Metaspace       used 87985K, committed 89536K, reserved 1179648K
  class space    used 8716K, committed 9408K, reserved 1048576K
}
Event: 12504.721 GC heap after
{Heap after GC invocations=1532 (full 14):
 PSYoungGen      total 358400K, used 21488K [0x00000000d5580000, 0x00000000f0900000, 0x0000000100000000)
  eden space 336896K, 0% used [0x00000000d5580000,0x00000000d5580000,0x00000000e9e80000)
  from space 21504K, 99% used [0x00000000ebc00000,0x00000000ed0fc130,0x00000000ed100000)
  to   space 30208K, 0% used [0x00000000e9e80000,0x00000000e9e80000,0x00000000ebc00000)
 ParOldGen       total 966656K, used 966280K [0x0000000080000000, 0x00000000bb000000, 0x00000000d5580000)
  object space 966656K, 99% used [0x0000000080000000,0x00000000bafa2368,0x00000000bb000000)
 Metaspace       used 87985K, committed 89536K, reserved 1179648K
  class space    used 8716K, committed 9408K, reserved 1048576K
}
Event: 12504.798 GC heap before
{Heap before GC invocations=1533 (full 14):
 PSYoungGen      total 358400K, used 354691K [0x00000000d5580000, 0x00000000f0900000, 0x0000000100000000)
  eden space 336896K, 98% used [0x00000000d5580000,0x00000000e9ae4b28,0x00000000e9e80000)
  from space 21504K, 99% used [0x00000000ebc00000,0x00000000ed0fc130,0x00000000ed100000)
  to   space 30208K, 0% used [0x00000000e9e80000,0x00000000e9e80000,0x00000000ebc00000)
 ParOldGen       total 966656K, used 966280K [0x0000000080000000, 0x00000000bb000000, 0x00000000d5580000)
  object space 966656K, 99% used [0x0000000080000000,0x00000000bafa2368,0x00000000bb000000)
 Metaspace       used 87985K, committed 89536K, reserved 1179648K
  class space    used 8716K, committed 9408K, reserved 1048576K
}
Event: 12504.807 GC heap after
{Heap after GC invocations=1533 (full 14):
 PSYoungGen      total 332288K, used 9889K [0x00000000d5580000, 0x00000000ebc80000, 0x0000000100000000)
  eden space 322048K, 0% used [0x00000000d5580000,0x00000000d5580000,0x00000000e9000000)
  from space 10240K, 96% used [0x00000000e9e80000,0x00000000ea828430,0x00000000ea880000)
  to   space 16896K, 0% used [0x00000000eac00000,0x00000000eac00000,0x00000000ebc80000)
 ParOldGen       total 968704K, used 968232K [0x0000000080000000, 0x00000000bb200000, 0x00000000d5580000)
  object space 968704K, 99% used [0x0000000080000000,0x00000000bb18a368,0x00000000bb200000)
 Metaspace       used 87985K, committed 89536K, reserved 1179648K
  class space    used 8716K, committed 9408K, reserved 1048576K
}
Event: 12504.874 GC heap before
{Heap before GC invocations=1534 (full 14):
 PSYoungGen      total 332288K, used 329431K [0x00000000d5580000, 0x00000000ebc80000, 0x0000000100000000)
  eden space 322048K, 99% used [0x00000000d5580000,0x00000000e8d8d930,0x00000000e9000000)
  from space 10240K, 96% used [0x00000000e9e80000,0x00000000ea828430,0x00000000ea880000)
  to   space 16896K, 0% used [0x00000000eac00000,0x00000000eac00000,0x00000000ebc80000)
 ParOldGen       total 968704K, used 968232K [0x0000000080000000, 0x00000000bb200000, 0x00000000d5580000)
  object space 968704K, 99% used [0x0000000080000000,0x00000000bb18a368,0x00000000bb200000)
 Metaspace       used 87985K, committed 89536K, reserved 1179648K
  class space    used 8716K, committed 9408K, reserved 1048576K
}
Event: 12504.882 GC heap after
{Heap after GC invocations=1534 (full 14):
 PSYoungGen      total 315904K, used 8176K [0x00000000d5580000, 0x00000000eb400000, 0x0000000100000000)
  eden space 307712K, 0% used [0x00000000d5580000,0x00000000d5580000,0x00000000e8200000)
  from space 8192K, 99% used [0x00000000eac00000,0x00000000eb3fc020,0x00000000eb400000)
  to   space 10240K, 0% used [0x00000000ea000000,0x00000000ea000000,0x00000000eaa00000)
 ParOldGen       total 970752K, used 970345K [0x0000000080000000, 0x00000000bb400000, 0x00000000d5580000)
  object space 970752K, 99% used [0x0000000080000000,0x00000000bb39a768,0x00000000bb400000)
 Metaspace       used 87985K, committed 89536K, reserved 1179648K
  class space    used 8716K, committed 9408K, reserved 1048576K
}
Event: 12522.227 GC heap before
{Heap before GC invocations=1535 (full 14):
 PSYoungGen      total 315904K, used 309274K [0x00000000d5580000, 0x00000000eb400000, 0x0000000100000000)
  eden space 307712K, 97% used [0x00000000d5580000,0x00000000e7b8a918,0x00000000e8200000)
  from space 8192K, 99% used [0x00000000eac00000,0x00000000eb3fc020,0x00000000eb400000)
  to   space 10240K, 0% used [0x00000000ea000000,0x00000000ea000000,0x00000000eaa00000)
 ParOldGen       total 970752K, used 970345K [0x0000000080000000, 0x00000000bb400000, 0x00000000d5580000)
  object space 970752K, 99% used [0x0000000080000000,0x00000000bb39a768,0x00000000bb400000)
 Metaspace       used 87988K, committed 89536K, reserved 1179648K
  class space    used 8716K, committed 9408K, reserved 1048576K
}
Event: 12522.235 GC heap after
{Heap after GC invocations=1535 (full 14):
 PSYoungGen      total 304128K, used 10235K [0x00000000d5580000, 0x00000000eac80000, 0x0000000100000000)
  eden space 293888K, 0% used [0x00000000d5580000,0x00000000d5580000,0x00000000e7480000)
  from space 10240K, 99% used [0x00000000ea000000,0x00000000ea9fec08,0x00000000eaa00000)
  to   space 2560K, 0% used [0x00000000eaa00000,0x00000000eaa00000,0x00000000eac80000)
 ParOldGen       total 977920K, used 977605K [0x0000000080000000, 0x00000000bbb00000, 0x00000000d5580000)
  object space 977920K, 99% used [0x0000000080000000,0x00000000bbab15e8,0x00000000bbb00000)
 Metaspace       used 87988K, committed 89536K, reserved 1179648K
  class space    used 8716K, committed 9408K, reserved 1048576K
}
Event: 12522.283 GC heap before
{Heap before GC invocations=1536 (full 14):
 PSYoungGen      total 304128K, used 300087K [0x00000000d5580000, 0x00000000eac80000, 0x0000000100000000)
  eden space 293888K, 98% used [0x00000000d5580000,0x00000000e708f0d8,0x00000000e7480000)
  from space 10240K, 99% used [0x00000000ea000000,0x00000000ea9fec08,0x00000000eaa00000)
  to   space 2560K, 0% used [0x00000000eaa00000,0x00000000eaa00000,0x00000000eac80000)
 ParOldGen       total 977920K, used 977605K [0x0000000080000000, 0x00000000bbb00000, 0x00000000d5580000)
  object space 977920K, 99% used [0x0000000080000000,0x00000000bbab15e8,0x00000000bbb00000)
 Metaspace       used 87988K, committed 89536K, reserved 1179648K
  class space    used 8716K, committed 9408K, reserved 1048576K
}
Event: 12522.292 GC heap after
{Heap after GC invocations=1536 (full 14):
 PSYoungGen      total 281600K, used 415K [0x00000000d5580000, 0x00000000eaa80000, 0x0000000100000000)
  eden space 281088K, 0% used [0x00000000d5580000,0x00000000d5580000,0x00000000e6800000)
  from space 512K, 81% used [0x00000000eaa00000,0x00000000eaa67c10,0x00000000eaa80000)
  to   space 7168K, 0% used [0x00000000e9c80000,0x00000000e9c80000,0x00000000ea380000)
 ParOldGen       total 986624K, used 986050K [0x0000000080000000, 0x00000000bc380000, 0x00000000d5580000)
  object space 986624K, 99% used [0x0000000080000000,0x00000000bc2f0a60,0x00000000bc380000)
 Metaspace       used 87988K, committed 89536K, reserved 1179648K
  class space    used 8716K, committed 9408K, reserved 1048576K
}
Event: 12522.337 GC heap before
{Heap before GC invocations=1537 (full 14):
 PSYoungGen      total 281600K, used 280515K [0x00000000d5580000, 0x00000000eaa80000, 0x0000000100000000)
  eden space 281088K, 99% used [0x00000000d5580000,0x00000000e6709158,0x00000000e6800000)
  from space 512K, 81% used [0x00000000eaa00000,0x00000000eaa67c10,0x00000000eaa80000)
  to   space 7168K, 0% used [0x00000000e9c80000,0x00000000e9c80000,0x00000000ea380000)
 ParOldGen       total 986624K, used 986050K [0x0000000080000000, 0x00000000bc380000, 0x00000000d5580000)
  object space 986624K, 99% used [0x0000000080000000,0x00000000bc2f0a60,0x00000000bc380000)
 Metaspace       used 87988K, committed 89536K, reserved 1179648K
  class space    used 8716K, committed 9408K, reserved 1048576K
}
Event: 12522.344 GC heap after
{Heap after GC invocations=1537 (full 14):
 PSYoungGen      total 275968K, used 192K [0x00000000d5580000, 0x00000000eaa80000, 0x0000000100000000)
  eden space 268800K, 0% used [0x00000000d5580000,0x00000000d5580000,0x00000000e5c00000)
  from space 7168K, 2% used [0x00000000e9c80000,0x00000000e9cb0000,0x00000000ea380000)
  to   space 1536K, 0% used [0x00000000ea900000,0x00000000ea900000,0x00000000eaa80000)
 ParOldGen       total 994816K, used 994046K [0x0000000080000000, 0x00000000bcb80000, 0x00000000d5580000)
  object space 994816K, 99% used [0x0000000080000000,0x00000000bcabf888,0x00000000bcb80000)
 Metaspace       used 87988K, committed 89536K, reserved 1179648K
  class space    used 8716K, committed 9408K, reserved 1048576K
}
Event: 12522.374 GC heap before
{Heap before GC invocations=1538 (full 14):
 PSYoungGen      total 275968K, used 261589K [0x00000000d5580000, 0x00000000eaa80000, 0x0000000100000000)
  eden space 268800K, 97% used [0x00000000d5580000,0x00000000e54c5620,0x00000000e5c00000)
  from space 7168K, 2% used [0x00000000e9c80000,0x00000000e9cb0000,0x00000000ea380000)
  to   space 1536K, 0% used [0x00000000ea900000,0x00000000ea900000,0x00000000eaa80000)
 ParOldGen       total 994816K, used 994046K [0x0000000080000000, 0x00000000bcb80000, 0x00000000d5580000)
  object space 994816K, 99% used [0x0000000080000000,0x00000000bcabf888,0x00000000bcb80000)
 Metaspace       used 87988K, committed 89536K, reserved 1179648K
  class space    used 8716K, committed 9408K, reserved 1048576K
}
Event: 12522.384 GC heap after
{Heap after GC invocations=1538 (full 14):
 PSYoungGen      total 257536K, used 192K [0x00000000d5580000, 0x00000000ea980000, 0x0000000100000000)
  eden space 257024K, 0% used [0x00000000d5580000,0x00000000d5580000,0x00000000e5080000)
  from space 512K, 37% used [0x00000000ea900000,0x00000000ea930000,0x00000000ea980000)
  to   space 512K, 0% used [0x00000000ea880000,0x00000000ea880000,0x00000000ea900000)
 ParOldGen       total 1014784K, used 1013286K [0x0000000080000000, 0x00000000bdf00000, 0x00000000d5580000)
  object space 1014784K, 99% used [0x0000000080000000,0x00000000bdd898a8,0x00000000bdf00000)
 Metaspace       used 87988K, committed 89536K, reserved 1179648K
  class space    used 8716K, committed 9408K, reserved 1048576K
}
Event: 12522.414 GC heap before
{Heap before GC invocations=1539 (full 14):
 PSYoungGen      total 257536K, used 250296K [0x00000000d5580000, 0x00000000ea980000, 0x0000000100000000)
  eden space 257024K, 97% used [0x00000000d5580000,0x00000000e49be158,0x00000000e5080000)
  from space 512K, 37% used [0x00000000ea900000,0x00000000ea930000,0x00000000ea980000)
  to   space 512K, 0% used [0x00000000ea880000,0x00000000ea880000,0x00000000ea900000)
 ParOldGen       total 1014784K, used 1013286K [0x0000000080000000, 0x00000000bdf00000, 0x00000000d5580000)
  object space 1014784K, 99% used [0x0000000080000000,0x00000000bdd898a8,0x00000000bdf00000)
 Metaspace       used 87988K, committed 89536K, reserved 1179648K
  class space    used 8716K, committed 9408K, reserved 1048576K
}
Event: 12522.429 GC heap after
{Heap after GC invocations=1539 (full 14):
 PSYoungGen      total 301568K, used 208K [0x00000000d5580000, 0x00000000ea980000, 0x0000000100000000)
  eden space 301056K, 0% used [0x00000000d5580000,0x00000000d5580000,0x00000000e7b80000)
  from space 512K, 40% used [0x00000000ea880000,0x00000000ea8b4010,0x00000000ea900000)
  to   space 512K, 0% used [0x00000000ea900000,0x00000000ea900000,0x00000000ea980000)
 ParOldGen       total 1034752K, used 1032534K [0x0000000080000000, 0x00000000bf280000, 0x00000000d5580000)
  object space 1034752K, 99% used [0x0000000080000000,0x00000000bf0558c8,0x00000000bf280000)
 Metaspace       used 87988K, committed 89536K, reserved 1179648K
  class space    used 8716K, committed 9408K, reserved 1048576K
}

Dll operation events (12 events):
Event: 0.018 Loaded shared library c:\Users\User\.antigravity\extensions\redhat.java-1.52.0-win32-x64\jre\21.0.9-win32-x86_64\bin\java.dll
Event: 0.235 Loaded shared library c:\Users\User\.antigravity\extensions\redhat.java-1.52.0-win32-x64\jre\21.0.9-win32-x86_64\bin\zip.dll
Event: 0.286 Loaded shared library C:\Users\User\.antigravity\extensions\redhat.java-1.52.0-win32-x64\jre\21.0.9-win32-x86_64\bin\instrument.dll
Event: 0.293 Loaded shared library C:\Users\User\.antigravity\extensions\redhat.java-1.52.0-win32-x64\jre\21.0.9-win32-x86_64\bin\net.dll
Event: 0.297 Loaded shared library C:\Users\User\.antigravity\extensions\redhat.java-1.52.0-win32-x64\jre\21.0.9-win32-x86_64\bin\nio.dll
Event: 0.301 Loaded shared library C:\Users\User\.antigravity\extensions\redhat.java-1.52.0-win32-x64\jre\21.0.9-win32-x86_64\bin\zip.dll
Event: 0.337 Loaded shared library C:\Users\User\.antigravity\extensions\redhat.java-1.52.0-win32-x64\jre\21.0.9-win32-x86_64\bin\jimage.dll
Event: 0.490 Loaded shared library c:\Users\User\.antigravity\extensions\redhat.java-1.52.0-win32-x64\jre\21.0.9-win32-x86_64\bin\verify.dll
Event: 5.301 Loaded shared library C:\Users\User\AppData\Roaming\Antigravity\User\globalStorage\redhat.java\1.52.0\config_win\org.eclipse.equinox.launcher\org.eclipse.equinox.launcher.win32.win32.x86_64_1.2.1500.v20260121-1430\eclipse_11919.dll
Event: 9.582 Loaded shared library C:\Users\User\AppData\Local\Temp\jna-2645995\jna9276595260872155456.dll
Event: 6314.897 Loaded shared library C:\Users\User\.antigravity\extensions\redhat.java-1.52.0-win32-x64\jre\21.0.9-win32-x86_64\bin\sunmscapi.dll
Event: 6315.035 Loaded shared library C:\Users\User\.antigravity\extensions\redhat.java-1.52.0-win32-x64\jre\21.0.9-win32-x86_64\bin\extnet.dll

Deoptimization events (20 events):
Event: 12453.573 Thread 0x0000021def92c350 DEOPT PACKING pc=0x0000021dda10ab84 sp=0x00000070f5bfda30
Event: 12453.573 Thread 0x0000021def92c350 DEOPT UNPACKING pc=0x0000021dd8903aa2 sp=0x00000070f5bfd948 mode 2
Event: 12453.633 Thread 0x0000021def92c350 Uncommon trap: trap_request=0xffffffd6 fr.pc=0x0000021dda08d75c relative=0x00000000000001bc
Event: 12453.633 Thread 0x0000021def92c350 Uncommon trap: reason=array_check action=maybe_recompile pc=0x0000021dda08d75c method=java.util.Arrays.fill([Ljava/lang/Object;IILjava/lang/Object;)V @ 20 c2
Event: 12453.633 Thread 0x0000021def92c350 DEOPT PACKING pc=0x0000021dda08d75c sp=0x00000070f5bfed30
Event: 12453.633 Thread 0x0000021def92c350 DEOPT UNPACKING pc=0x0000021dd8903aa2 sp=0x00000070f5bfecd8 mode 2
Event: 12473.995 Thread 0x0000021deb0bcd30 Uncommon trap: trap_request=0xffffff54 fr.pc=0x0000021dd98d0400 relative=0x0000000000000cc0
Event: 12473.996 Thread 0x0000021deb0bcd30 Uncommon trap: reason=speculate_null_assert action=make_not_entrant pc=0x0000021dd98d0400 method=org.eclipse.jdt.internal.core.index.DiskIndex.copyQueryResults(Lorg/eclipse/jdt/internal/compiler/util/HashtableOfObject;I)V @ 58 c2
Event: 12473.996 Thread 0x0000021deb0bcd30 DEOPT PACKING pc=0x0000021dd98d0400 sp=0x00000070f5cfefe0
Event: 12473.996 Thread 0x0000021deb0bcd30 DEOPT UNPACKING pc=0x0000021dd8903aa2 sp=0x00000070f5cfef80 mode 2
Event: 12476.779 Thread 0x0000021def9318a0 Uncommon trap: trap_request=0xffffff6e fr.pc=0x0000021dda14c31c relative=0x0000000000000a3c
Event: 12476.779 Thread 0x0000021def9318a0 Uncommon trap: reason=loop_limit_check action=maybe_recompile pc=0x0000021dda14c31c method=org.eclipse.jdt.internal.compiler.util.HashtableOfModule.rehash()V @ 50 c2
Event: 12476.779 Thread 0x0000021def9318a0 DEOPT PACKING pc=0x0000021dda14c31c sp=0x00000070f57fdc10
Event: 12476.779 Thread 0x0000021def9318a0 DEOPT UNPACKING pc=0x0000021dd8903aa2 sp=0x00000070f57fdbc0 mode 2
Event: 12477.963 Thread 0x0000021deb0bcd30 DEOPT PACKING pc=0x0000021dd228ada7 sp=0x00000070f5cff1b0
Event: 12477.963 Thread 0x0000021deb0bcd30 DEOPT UNPACKING pc=0x0000021dd8904242 sp=0x00000070f5cfe720 mode 0
Event: 12478.957 Thread 0x0000021def92c350 DEOPT PACKING pc=0x0000021dd35173fd sp=0x00000070f5bfde10
Event: 12478.957 Thread 0x0000021def92c350 DEOPT UNPACKING pc=0x0000021dd8904242 sp=0x00000070f5bfd788 mode 0
Event: 12521.622 Thread 0x0000021def92d700 DEOPT PACKING pc=0x0000021dd34405b0 sp=0x00000070f5afe740
Event: 12521.622 Thread 0x0000021def92d700 DEOPT UNPACKING pc=0x0000021dd8904242 sp=0x00000070f5afdc40 mode 0

Classes loaded (20 events):
Event: 6315.040 Loading class sun/nio/ch/SourceChannelImpl
Event: 6315.040 Loading class java/nio/channels/Pipe$SourceChannel
Event: 6315.040 Loading class java/nio/channels/Pipe$SourceChannel done
Event: 6315.040 Loading class sun/nio/ch/SourceChannelImpl done
Event: 6315.040 Loading class sun/nio/ch/SinkChannelImpl
Event: 6315.041 Loading class java/nio/channels/Pipe$SinkChannel
Event: 6315.041 Loading class java/nio/channels/Pipe$SinkChannel done
Event: 6315.041 Loading class sun/nio/ch/SinkChannelImpl done
Event: 6315.047 Loading class java/nio/channels/spi/AbstractSelector$1
Event: 6315.047 Loading class java/nio/channels/spi/AbstractSelector$1 done
Event: 6535.010 Loading class java/util/LinkedList$LLSpliterator
Event: 6535.011 Loading class java/util/LinkedList$LLSpliterator done
Event: 6535.023 Loading class java/util/concurrent/ConcurrentSkipListMap$KeySet
Event: 6535.023 Loading class java/util/concurrent/ConcurrentSkipListMap$KeySet done
Event: 6535.024 Loading class java/util/concurrent/ConcurrentSkipListMap$KeyIterator
Event: 6535.024 Loading class java/util/concurrent/ConcurrentSkipListMap$Iter
Event: 6535.024 Loading class java/util/concurrent/ConcurrentSkipListMap$Iter done
Event: 6535.024 Loading class java/util/concurrent/ConcurrentSkipListMap$KeyIterator done
Event: 6544.741 Loading class java/util/DualPivotQuicksort$Sorter
Event: 6544.743 Loading class java/util/DualPivotQuicksort$Sorter done

Classes unloaded (20 events):
Event: 6136.506 Thread 0x0000021de4bd25d0 Unloading class 0x0000021d81006800 'java/lang/invoke/LambdaForm$MH+0x0000021d81006800'
Event: 6136.506 Thread 0x0000021de4bd25d0 Unloading class 0x0000021d81006400 'java/lang/invoke/LambdaForm$MH+0x0000021d81006400'
Event: 6136.506 Thread 0x0000021de4bd25d0 Unloading class 0x0000021d81006000 'java/lang/invoke/LambdaForm$MH+0x0000021d81006000'
Event: 6136.506 Thread 0x0000021de4bd25d0 Unloading class 0x0000021d81005c00 'java/lang/invoke/LambdaForm$BMH+0x0000021d81005c00'
Event: 6136.507 Thread 0x0000021de4bd25d0 Unloading class 0x0000021d81004800 'java/lang/invoke/LambdaForm$DMH+0x0000021d81004800'
Event: 6136.507 Thread 0x0000021de4bd25d0 Unloading class 0x0000021d81002400 'java/lang/invoke/LambdaForm$MH+0x0000021d81002400'
Event: 6136.507 Thread 0x0000021de4bd25d0 Unloading class 0x0000021d81002000 'java/lang/invoke/LambdaForm$MH+0x0000021d81002000'
Event: 6136.507 Thread 0x0000021de4bd25d0 Unloading class 0x0000021d81001800 'java/lang/invoke/LambdaForm$MH+0x0000021d81001800'
Event: 6136.507 Thread 0x0000021de4bd25d0 Unloading class 0x0000021d81000400 'java/lang/invoke/LambdaForm$MH+0x0000021d81000400'
Event: 9296.141 Thread 0x0000021de4bd25d0 Unloading class 0x0000021d812a7c00 'java/lang/invoke/LambdaForm$MH+0x0000021d812a7c00'
Event: 9296.141 Thread 0x0000021de4bd25d0 Unloading class 0x0000021d812b2000 'java/lang/invoke/LambdaForm$MH+0x0000021d812b2000'
Event: 9296.142 Thread 0x0000021de4bd25d0 Unloading class 0x0000021d81361400 'java/lang/invoke/LambdaForm$MH+0x0000021d81361400'
Event: 9296.142 Thread 0x0000021de4bd25d0 Unloading class 0x0000021d81510800 'java/lang/invoke/LambdaForm$MH+0x0000021d81510800'
Event: 9296.142 Thread 0x0000021de4bd25d0 Unloading class 0x0000021d8152d000 'java/lang/invoke/LambdaForm$MH+0x0000021d8152d000'
Event: 9296.142 Thread 0x0000021de4bd25d0 Unloading class 0x0000021d8152e000 'java/lang/invoke/LambdaForm$MH+0x0000021d8152e000'
Event: 9296.142 Thread 0x0000021de4bd25d0 Unloading class 0x0000021d815f1800 'java/lang/invoke/LambdaForm$MH+0x0000021d815f1800'
Event: 9296.142 Thread 0x0000021de4bd25d0 Unloading class 0x0000021d81680400 'java/lang/invoke/LambdaForm$MH+0x0000021d81680400'
Event: 9296.143 Thread 0x0000021de4bd25d0 Unloading class 0x0000021d816ac400 'java/lang/invoke/LambdaForm$MH+0x0000021d816ac400'
Event: 9296.143 Thread 0x0000021de4bd25d0 Unloading class 0x0000021d816d0c00 'java/lang/invoke/LambdaForm$MH+0x0000021d816d0c00'
Event: 9296.143 Thread 0x0000021de4bd25d0 Unloading class 0x0000021d81802400 'java/lang/invoke/LambdaForm$MH+0x0000021d81802400'

Classes redefined (0 events):
No events

Internal exceptions (20 events):
Event: 11911.791 Thread 0x0000021def9318a0 Exception <a 'sun/nio/fs/WindowsException'{0x00000000e10bc488}> (0x00000000e10bc488) 
thrown [s\src\hotspot\share\prims\jni.cpp, line 520]
Event: 12213.072 Thread 0x0000021def9318a0 Exception <a 'sun/nio/fs/WindowsException'{0x00000000e1b2da28}> (0x00000000e1b2da28) 
thrown [s\src\hotspot\share\prims\jni.cpp, line 520]
Event: 12213.075 Thread 0x0000021def9318a0 Exception <a 'sun/nio/fs/WindowsException'{0x00000000e1b2e3d8}> (0x00000000e1b2e3d8) 
thrown [s\src\hotspot\share\prims\jni.cpp, line 520]
Event: 12451.015 Thread 0x0000021deb0bcd30 Exception <a 'sun/nio/fs/WindowsException'{0x00000000e31a3158}> (0x00000000e31a3158) 
thrown [s\src\hotspot\share\prims\jni.cpp, line 520]
Event: 12451.514 Thread 0x0000021deb0bcd30 Exception <a 'sun/nio/fs/WindowsException'{0x00000000d6d33508}> (0x00000000d6d33508) 
thrown [s\src\hotspot\share\prims\jni.cpp, line 520]
Event: 12451.653 Thread 0x0000021def92d070 Implicit null exception at 0x0000021dd9b0093a to 0x0000021dd9b038e0
Event: 12452.131 Thread 0x0000021def92d070 Implicit null exception at 0x0000021dd90b910b to 0x0000021dd90b92a8
Event: 12452.167 Thread 0x0000021deb0bcd30 Implicit null exception at 0x0000021dd90b910b to 0x0000021dd90b92a8
Event: 12474.192 Thread 0x0000021deb0bcd30 Exception <a 'sun/nio/fs/WindowsException'{0x00000000dc4132b8}> (0x00000000dc4132b8) 
thrown [s\src\hotspot\share\prims\jni.cpp, line 520]
Event: 12474.832 Thread 0x0000021deb0bcd30 Exception <a 'sun/nio/fs/WindowsException'{0x00000000d8c86728}> (0x00000000d8c86728) 
thrown [s\src\hotspot\share\prims\jni.cpp, line 520]
Event: 12477.617 Thread 0x0000021deb0bcd30 Exception <a 'sun/nio/fs/WindowsException'{0x00000000d8572a40}> (0x00000000d8572a40) 
thrown [s\src\hotspot\share\prims\jni.cpp, line 520]
Event: 12477.841 Thread 0x0000021deb0bcd30 Exception <a 'sun/nio/fs/WindowsException'{0x00000000da1491c0}> (0x00000000da1491c0) 
thrown [s\src\hotspot\share\prims\jni.cpp, line 520]
Event: 12489.403 Thread 0x0000021deb0bcd30 Exception <a 'sun/nio/fs/WindowsException'{0x00000000de74d268}> (0x00000000de74d268) 
thrown [s\src\hotspot\share\prims\jni.cpp, line 520]
Event: 12489.998 Thread 0x0000021deb0bcd30 Exception <a 'sun/nio/fs/WindowsException'{0x00000000d8dda738}> (0x00000000d8dda738) 
thrown [s\src\hotspot\share\prims\jni.cpp, line 520]
Event: 12504.321 Thread 0x0000021deb0bcd30 Exception <a 'sun/nio/fs/WindowsException'{0x00000000e8eae0b0}> (0x00000000e8eae0b0) 
thrown [s\src\hotspot\share\prims\jni.cpp, line 520]
Event: 12504.851 Thread 0x0000021deb0bcd30 Exception <a 'sun/nio/fs/WindowsException'{0x00000000d8e89190}> (0x00000000d8e89190) 
thrown [s\src\hotspot\share\prims\jni.cpp, line 520]
Event: 12521.751 Thread 0x0000021deb0bcd30 Exception <a 'sun/nio/fs/WindowsException'{0x00000000dadd23b8}> (0x00000000dadd23b8) 
thrown [s\src\hotspot\share\prims\jni.cpp, line 520]
Event: 12522.169 Thread 0x0000021deb0bcd30 Exception <a 'sun/nio/fs/WindowsException'{0x00000000ddd74268}> (0x00000000ddd74268) 
thrown [s\src\hotspot\share\prims\jni.cpp, line 520]
Event: 12774.458 Thread 0x0000021def930b80 Exception <a 'sun/nio/fs/WindowsException'{0x00000000df39b690}> (0x00000000df39b690) 
thrown [s\src\hotspot\share\prims\jni.cpp, line 520]
Event: 12774.476 Thread 0x0000021def930b80 Exception <a 'sun/nio/fs/WindowsException'{0x00000000df39c040}> (0x00000000df39c040) 
thrown [s\src\hotspot\share\prims\jni.cpp, line 520]

ZGC Phase Switch (0 events):
No events

VM Operations (20 events):
Event: 12522.283 Executing VM operation: ParallelGCFailedAllocation (Allocation Failure)
Event: 12522.292 Executing VM operation: ParallelGCFailedAllocation (Allocation Failure) done
Event: 12522.337 Executing VM operation: ParallelGCFailedAllocation (Allocation Failure)
Event: 12522.344 Executing VM operation: ParallelGCFailedAllocation (Allocation Failure) done
Event: 12522.374 Executing VM operation: ParallelGCFailedAllocation (Allocation Failure)
Event: 12522.384 Executing VM operation: ParallelGCFailedAllocation (Allocation Failure) done
Event: 12522.414 Executing VM operation: ParallelGCFailedAllocation (Allocation Failure)
Event: 12522.429 Executing VM operation: ParallelGCFailedAllocation (Allocation Failure) done
Event: 12568.373 Executing VM operation: HandshakeAllThreads (HandshakeForDeflation)
Event: 12568.379 Executing VM operation: HandshakeAllThreads (HandshakeForDeflation) done
Event: 12568.379 Executing VM operation: RendezvousGCThreads
Event: 12568.380 Executing VM operation: RendezvousGCThreads done
Event: 12688.615 Executing VM operation: HandshakeAllThreads (HandshakeForDeflation)
Event: 12688.617 Executing VM operation: HandshakeAllThreads (HandshakeForDeflation) done
Event: 12688.621 Executing VM operation: RendezvousGCThreads
Event: 12688.622 Executing VM operation: RendezvousGCThreads done
Event: 12748.602 Executing VM operation: HandshakeAllThreads (HandshakeForDeflation)
Event: 12748.602 Executing VM operation: HandshakeAllThreads (HandshakeForDeflation) done
Event: 12748.602 Executing VM operation: RendezvousGCThreads
Event: 12748.602 Executing VM operation: RendezvousGCThreads done

Memory protections (0 events):
No events

Nmethod flushes (20 events):
Event: 9296.756 Thread 0x0000021de4bd25d0 flushing  nmethod 0x0000021dd2dc8a90
Event: 9296.756 Thread 0x0000021de4bd25d0 flushing  nmethod 0x0000021dd2e37c10
Event: 9296.756 Thread 0x0000021de4bd25d0 flushing  nmethod 0x0000021dd2e55390
Event: 9296.757 Thread 0x0000021de4bd25d0 flushing  nmethod 0x0000021dd2e66d10
Event: 9296.757 Thread 0x0000021de4bd25d0 flushing  nmethod 0x0000021dd2ec2e90
Event: 9296.757 Thread 0x0000021de4bd25d0 flushing  nmethod 0x0000021dd2f0ee10
Event: 9296.757 Thread 0x0000021de4bd25d0 flushing  nmethod 0x0000021dd2f0f290
Event: 9296.757 Thread 0x0000021de4bd25d0 flushing  nmethod 0x0000021dd2f0fe10
Event: 9296.757 Thread 0x0000021de4bd25d0 flushing  nmethod 0x0000021dd2f21090
Event: 9296.757 Thread 0x0000021de4bd25d0 flushing  nmethod 0x0000021dd3187590
Event: 9296.757 Thread 0x0000021de4bd25d0 flushing  nmethod 0x0000021dd319c510
Event: 9296.757 Thread 0x0000021de4bd25d0 flushing  nmethod 0x0000021dd32d2310
Event: 9296.757 Thread 0x0000021de4bd25d0 flushing  nmethod 0x0000021dd33a5f90
Event: 9296.757 Thread 0x0000021de4bd25d0 flushing  nmethod 0x0000021dd33b0f90
Event: 9296.758 Thread 0x0000021de4bd25d0 flushing  nmethod 0x0000021dd341b610
Event: 9296.758 Thread 0x0000021de4bd25d0 flushing  nmethod 0x0000021dd3445290
Event: 9296.758 Thread 0x0000021de4bd25d0 flushing  nmethod 0x0000021dd3456f90
Event: 9296.758 Thread 0x0000021de4bd25d0 flushing  nmethod 0x0000021dd37de390
Event: 9296.758 Thread 0x0000021de4bd25d0 flushing  nmethod 0x0000021dd3834d10
Event: 9296.758 Thread 0x0000021de4bd25d0 flushing  nmethod 0x0000021dd3853190

Events (20 events):
Event: 12452.183 Thread 0x0000021def930b80 Thread added: 0x0000021def92fe60
Event: 12452.253 Thread 0x0000021de4c15be0 Thread added: 0x0000021df854d570
Event: 12453.328 Thread 0x0000021df854d570 Thread exited: 0x0000021df854d570
Event: 12454.019 Thread 0x0000021df854b360 Thread exited: 0x0000021df854b360
Event: 12474.217 Thread 0x0000021def930b80 Thread added: 0x0000021def9304f0
Event: 12476.365 Thread 0x0000021def930b80 Thread added: 0x0000021def931210
Event: 12476.505 Thread 0x0000021def930b80 Thread added: 0x0000021def92a910
Event: 12476.505 Thread 0x0000021def930b80 Thread added: 0x0000021def931f30
Event: 12489.514 Thread 0x0000021def92fe60 Thread added: 0x0000021def92afa0
Event: 12581.830 Thread 0x0000021def92d700 Thread exited: 0x0000021def92d700
Event: 12582.280 Thread 0x0000021def92f7d0 Thread exited: 0x0000021def92f7d0
Event: 12582.988 Thread 0x0000021def92c350 Thread exited: 0x0000021def92c350
Event: 12583.962 Thread 0x0000021def92fe60 Thread exited: 0x0000021def92fe60
Event: 12642.140 Thread 0x0000021def92d070 Thread exited: 0x0000021def92d070
Event: 12773.126 Thread 0x0000021def930b80 Thread added: 0x0000021def92d070
Event: 12773.265 Thread 0x0000021def92d070 Thread exited: 0x0000021def92d070
Event: 12774.542 Thread 0x0000021def930b80 Thread added: 0x0000021def92b630
Event: 12774.561 Thread 0x0000021def92b630 Thread added: 0x0000021def92d700
Event: 12774.583 Thread 0x0000021def92b630 Thread exited: 0x0000021def92b630
Event: 12774.584 Thread 0x0000021def92d700 Thread exited: 0x0000021def92d700


Dynamic libraries:
0x00007ff69e460000 - 0x00007ff69e46e000 	c:\Users\User\.antigravity\extensions\redhat.java-1.52.0-win32-x64\jre\21.0.9-win32-x86_64\bin\java.exe
0x00007ff8e4cb0000 - 0x00007ff8e4ea8000 	C:\WINDOWS\SYSTEM32\ntdll.dll
0x00007ff8e3b60000 - 0x00007ff8e3c22000 	C:\WINDOWS\System32\KERNEL32.DLL
0x00007ff8e2490000 - 0x00007ff8e2786000 	C:\WINDOWS\System32\KERNELBASE.dll
0x00007ff8e29d0000 - 0x00007ff8e2ad0000 	C:\WINDOWS\System32\ucrtbase.dll
0x00007ff8dcf60000 - 0x00007ff8dcf78000 	c:\Users\User\.antigravity\extensions\redhat.java-1.52.0-win32-x64\jre\21.0.9-win32-x86_64\bin\jli.dll
0x00007ff8e40c0000 - 0x00007ff8e4261000 	C:\WINDOWS\System32\USER32.dll
0x00007ff8e29a0000 - 0x00007ff8e29c2000 	C:\WINDOWS\System32\win32u.dll
0x00007ff8e3220000 - 0x00007ff8e324b000 	C:\WINDOWS\System32\GDI32.dll
0x00007ff8e2b20000 - 0x00007ff8e2c39000 	C:\WINDOWS\System32\gdi32full.dll
0x00007ff8e23f0000 - 0x00007ff8e248d000 	C:\WINDOWS\System32\msvcp_win.dll
0x00007ff8dcde0000 - 0x00007ff8dcdfe000 	c:\Users\User\.antigravity\extensions\redhat.java-1.52.0-win32-x64\jre\21.0.9-win32-x86_64\bin\VCRUNTIME140.dll
0x00007ff8c6ba0000 - 0x00007ff8c6e3b000 	C:\WINDOWS\WinSxS\amd64_microsoft.windows.common-controls_6595b64144ccf1df_6.0.19041.6456_none_60b8a6cb71f64256\COMCTL32.dll
0x00007ff8e3f40000 - 0x00007ff8e3fde000 	C:\WINDOWS\System32\msvcrt.dll
0x00007ff8e3c30000 - 0x00007ff8e3c5f000 	C:\WINDOWS\System32\IMM32.DLL
0x00007ff8dd9a0000 - 0x00007ff8dd9ac000 	c:\Users\User\.antigravity\extensions\redhat.java-1.52.0-win32-x64\jre\21.0.9-win32-x86_64\bin\vcruntime140_1.dll
0x00007ff8ba610000 - 0x00007ff8ba69d000 	c:\Users\User\.antigravity\extensions\redhat.java-1.52.0-win32-x64\jre\21.0.9-win32-x86_64\bin\msvcp140.dll
0x00007ff886920000 - 0x00007ff8876c0000 	c:\Users\User\.antigravity\extensions\redhat.java-1.52.0-win32-x64\jre\21.0.9-win32-x86_64\bin\server\jvm.dll
0x00007ff8e3090000 - 0x00007ff8e3141000 	C:\WINDOWS\System32\ADVAPI32.dll
0x00007ff8e49f0000 - 0x00007ff8e4a8f000 	C:\WINDOWS\System32\sechost.dll
0x00007ff8e4b40000 - 0x00007ff8e4c60000 	C:\WINDOWS\System32\RPCRT4.dll
0x00007ff8e2340000 - 0x00007ff8e2367000 	C:\WINDOWS\System32\bcrypt.dll
0x00007ff8e3380000 - 0x00007ff8e33eb000 	C:\WINDOWS\System32\WS2_32.dll
0x00007ff8e1880000 - 0x00007ff8e18cb000 	C:\WINDOWS\SYSTEM32\POWRPROF.dll
0x00007ff8da9e0000 - 0x00007ff8da9ea000 	C:\WINDOWS\SYSTEM32\VERSION.dll
0x00007ff8ce220000 - 0x00007ff8ce247000 	C:\WINDOWS\SYSTEM32\WINMM.dll
0x00007ff8e1740000 - 0x00007ff8e1752000 	C:\WINDOWS\SYSTEM32\UMPDC.dll
0x00007ff8e0b50000 - 0x00007ff8e0b62000 	C:\WINDOWS\SYSTEM32\kernel.appcore.dll
0x00007ff8dcf50000 - 0x00007ff8dcf5a000 	c:\Users\User\.antigravity\extensions\redhat.java-1.52.0-win32-x64\jre\21.0.9-win32-x86_64\bin\jimage.dll
0x00007ff8e0050000 - 0x00007ff8e0251000 	C:\WINDOWS\SYSTEM32\DBGHELP.DLL
0x00007ff8cac40000 - 0x00007ff8cac74000 	C:\WINDOWS\SYSTEM32\dbgcore.DLL
0x00007ff8e2c40000 - 0x00007ff8e2cc2000 	C:\WINDOWS\System32\bcryptPrimitives.dll
0x00007ff8dce90000 - 0x00007ff8dce9f000 	c:\Users\User\.antigravity\extensions\redhat.java-1.52.0-win32-x64\jre\21.0.9-win32-x86_64\bin\instrument.dll
0x00007ff8d0900000 - 0x00007ff8d0920000 	c:\Users\User\.antigravity\extensions\redhat.java-1.52.0-win32-x64\jre\21.0.9-win32-x86_64\bin\java.dll
0x00007ff8e4280000 - 0x00007ff8e49f0000 	C:\WINDOWS\System32\SHELL32.dll
0x00007ff8e0290000 - 0x00007ff8e0a35000 	C:\WINDOWS\SYSTEM32\windows.storage.dll
0x00007ff8e2cd0000 - 0x00007ff8e3024000 	C:\WINDOWS\System32\combase.dll
0x00007ff8e1d70000 - 0x00007ff8e1d9b000 	C:\WINDOWS\SYSTEM32\Wldp.dll
0x00007ff8e32b0000 - 0x00007ff8e337d000 	C:\WINDOWS\System32\OLEAUT32.dll
0x00007ff8e4a90000 - 0x00007ff8e4b3d000 	C:\WINDOWS\System32\SHCORE.dll
0x00007ff8e3b00000 - 0x00007ff8e3b5b000 	C:\WINDOWS\System32\shlwapi.dll
0x00007ff8e2270000 - 0x00007ff8e2294000 	C:\WINDOWS\SYSTEM32\profapi.dll
0x00007ff8c9f80000 - 0x00007ff8c9f98000 	c:\Users\User\.antigravity\extensions\redhat.java-1.52.0-win32-x64\jre\21.0.9-win32-x86_64\bin\zip.dll
0x00007ff8dbd30000 - 0x00007ff8dbd40000 	C:\Users\User\.antigravity\extensions\redhat.java-1.52.0-win32-x64\jre\21.0.9-win32-x86_64\bin\net.dll
0x00007ff8d9c40000 - 0x00007ff8d9d4a000 	C:\WINDOWS\SYSTEM32\WINHTTP.dll
0x00007ff8e1ad0000 - 0x00007ff8e1b3a000 	C:\WINDOWS\system32\mswsock.dll
0x00007ff8bdd20000 - 0x00007ff8bdd36000 	C:\Users\User\.antigravity\extensions\redhat.java-1.52.0-win32-x64\jre\21.0.9-win32-x86_64\bin\nio.dll
0x00007ff8dbcb0000 - 0x00007ff8dbcc0000 	c:\Users\User\.antigravity\extensions\redhat.java-1.52.0-win32-x64\jre\21.0.9-win32-x86_64\bin\verify.dll
0x00007ff8b9b70000 - 0x00007ff8b9bb5000 	C:\Users\User\AppData\Roaming\Antigravity\User\globalStorage\redhat.java\1.52.0\config_win\org.eclipse.equinox.launcher\org.eclipse.equinox.launcher.win32.win32.x86_64_1.2.1500.v20260121-1430\eclipse_11919.dll
0x00007ff8e3e10000 - 0x00007ff8e3f3b000 	C:\WINDOWS\System32\ole32.dll
0x00007ff8e1cd0000 - 0x00007ff8e1ce8000 	C:\WINDOWS\SYSTEM32\CRYPTSP.dll
0x00007ff8e1310000 - 0x00007ff8e1348000 	C:\WINDOWS\system32\rsaenh.dll
0x00007ff8e2230000 - 0x00007ff8e225e000 	C:\WINDOWS\SYSTEM32\USERENV.dll
0x00007ff8e1cc0000 - 0x00007ff8e1ccc000 	C:\WINDOWS\SYSTEM32\CRYPTBASE.dll
0x00007ff8e1760000 - 0x00007ff8e179b000 	C:\WINDOWS\SYSTEM32\IPHLPAPI.DLL
0x00007ff8e4270000 - 0x00007ff8e4278000 	C:\WINDOWS\System32\NSI.dll
0x00007ff8b87c0000 - 0x00007ff8b8809000 	C:\Users\User\AppData\Local\Temp\jna-2645995\jna9276595260872155456.dll
0x00007ff8e4c60000 - 0x00007ff8e4c68000 	C:\WINDOWS\System32\PSAPI.DLL
0x00007ff8da9f0000 - 0x00007ff8daa07000 	C:\WINDOWS\SYSTEM32\dhcpcsvc6.DLL
0x00007ff8dad10000 - 0x00007ff8dad2d000 	C:\WINDOWS\SYSTEM32\dhcpcsvc.DLL
0x00007ff8dcfe0000 - 0x00007ff8dcfee000 	C:\Users\User\.antigravity\extensions\redhat.java-1.52.0-win32-x64\jre\21.0.9-win32-x86_64\bin\sunmscapi.dll
0x00007ff8e2840000 - 0x00007ff8e299d000 	C:\WINDOWS\System32\CRYPT32.dll
0x00007ff8e1de0000 - 0x00007ff8e1e07000 	C:\WINDOWS\SYSTEM32\ncrypt.dll
0x00007ff8e1da0000 - 0x00007ff8e1ddb000 	C:\WINDOWS\SYSTEM32\NTASN1.dll
0x00007ff8ca550000 - 0x00007ff8ca557000 	C:\WINDOWS\system32\wshunix.dll
0x00007ff8dcf80000 - 0x00007ff8dcf89000 	C:\Users\User\.antigravity\extensions\redhat.java-1.52.0-win32-x64\jre\21.0.9-win32-x86_64\bin\extnet.dll

JVMTI agents:
c:\Users\User\.antigravity\extensions\redhat.java-1.52.0-win32-x64\lombok\lombok-1.18.39-4050.jar path:c:\Users\User\.antigravity\extensions\redhat.java-1.52.0-win32-x64\jre\21.0.9-win32-x86_64\bin\instrument.dll, loaded, initialized, instrumentlib options:none

dbghelp: loaded successfully - version: 4.0.5 - missing functions: none
symbol engine: initialized successfully - sym options: 0x614 - pdb path: .;c:\Users\User\.antigravity\extensions\redhat.java-1.52.0-win32-x64\jre\21.0.9-win32-x86_64\bin;C:\WINDOWS\SYSTEM32;C:\WINDOWS\WinSxS\amd64_microsoft.windows.common-controls_6595b64144ccf1df_6.0.19041.6456_none_60b8a6cb71f64256;c:\Users\User\.antigravity\extensions\redhat.java-1.52.0-win32-x64\jre\21.0.9-win32-x86_64\bin\server;C:\Users\User\AppData\Roaming\Antigravity\User\globalStorage\redhat.java\1.52.0\config_win\org.eclipse.equinox.launcher\org.eclipse.equinox.launcher.win32.win32.x86_64_1.2.1500.v20260121-1430;C:\Users\User\AppData\Local\Temp\jna-2645995

VM Arguments:
jvm_args: --add-modules=ALL-SYSTEM --add-opens=java.base/java.util=ALL-UNNAMED --add-opens=java.base/java.lang=ALL-UNNAMED --add-opens=java.base/sun.nio.fs=ALL-UNNAMED -Declipse.application=org.eclipse.jdt.ls.core.id1 -Dosgi.bundles.defaultStartLevel=4 -Declipse.product=org.eclipse.jdt.ls.core.product -Djava.import.generatesMetadataFilesAtProjectRoot=false -DDetectVMInstallationsJob.disabled=true -Dfile.encoding=utf8 -XX:+UseParallelGC -XX:GCTimeRatio=4 -XX:AdaptiveSizePolicyWeight=90 -Dsun.zip.disableMemoryMapping=true -Xmx2G -Xms100m -Xlog:disable -javaagent:c:\Users\User\.antigravity\extensions\redhat.java-1.52.0-win32-x64\lombok\lombok-1.18.39-4050.jar -XX:+HeapDumpOnOutOfMemoryError -XX:HeapDumpPath=c:\Users\User\AppData\Roaming\Antigravity\User\workspaceStorage\93b6b1e887c4ae0d3dfc0cf0fe947aff\redhat.java -Daether.dependencyCollector.impl=bf 
java_command: c:\Users\User\.antigravity\extensions\redhat.java-1.52.0-win32-x64\server\plugins\org.eclipse.equinox.launcher_1.7.100.v20251111-0406.jar -configuration c:\Users\User\AppData\Roaming\Antigravity\User\globalStorage\redhat.java\1.52.0\config_win -data c:\Users\User\AppData\Roaming\Antigravity\User\workspaceStorage\93b6b1e887c4ae0d3dfc0cf0fe947aff\redhat.java\jdt_ws --pipe=\\.\pipe\lsp-66a483315dc621e4fdd583570c21c26d-sock
java_class_path (initial): c:\Users\User\.antigravity\extensions\redhat.java-1.52.0-win32-x64\server\plugins\org.eclipse.equinox.launcher_1.7.100.v20251111-0406.jar
Launcher Type: SUN_STANDARD

[Global flags]
    uintx AdaptiveSizePolicyWeight                 = 90                                        {product} {command line}
     intx CICompilerCount                          = 4                                         {product} {ergonomic}
    uintx GCTimeRatio                              = 4                                         {product} {command line}
     bool HeapDumpOnOutOfMemoryError               = true                                   {manageable} {command line}
    ccstr HeapDumpPath                             = c:\Users\User\AppData\Roaming\Antigravity\User\workspaceStorage\93b6b1e887c4ae0d3dfc0cf0fe947aff\redhat.java         {manageable} {command line}
   size_t InitialHeapSize                          = 104857600                                 {product} {command line}
   size_t MaxHeapSize                              = 2147483648                                {product} {command line}
   size_t MaxNewSize                               = 715653120                                 {product} {ergonomic}
   size_t MinHeapDeltaBytes                        = 524288                                    {product} {ergonomic}
   size_t MinHeapSize                              = 104857600                                 {product} {command line}
   size_t NewSize                                  = 34603008                                  {product} {ergonomic}
    uintx NonNMethodCodeHeapSize                   = 5839372                                {pd product} {ergonomic}
    uintx NonProfiledCodeHeapSize                  = 122909434                              {pd product} {ergonomic}
   size_t OldSize                                  = 70254592                                  {product} {ergonomic}
    uintx ProfiledCodeHeapSize                     = 122909434                              {pd product} {ergonomic}
    uintx ReservedCodeCacheSize                    = 251658240                              {pd product} {ergonomic}
     bool SegmentedCodeCache                       = true                                      {product} {ergonomic}
   size_t SoftMaxHeapSize                          = 2147483648                             {manageable} {ergonomic}
     bool UseCompressedOops                        = true                           {product lp64_product} {ergonomic}
     bool UseLargePagesIndividualAllocation        = false                                  {pd product} {ergonomic}
     bool UseParallelGC                            = true                                      {product} {command line}

Logging:
Log output configuration:
 #0: stdout all=off uptime,level,tags foldmultilines=false
 #1: stderr all=off uptime,level,tags foldmultilines=false

Release file:
JAVA_VERSION="21.0.9" 
MODULES="java.base java.compiler java.datatransfer java.xml java.prefs java.desktop java.instrument java.logging java.management java.security.sasl java.naming java.rmi java.management.rmi java.net.http java.scripting java.security.jgss java.transaction.xa java.sql java.sql.rowset java.xml.crypto java.se java.smartcardio jdk.accessibility jdk.internal.jvmstat jdk.attach jdk.charsets jdk.internal.opt jdk.zipfs jdk.compiler jdk.crypto.ec jdk.crypto.cryptoki jdk.crypto.mscapi jdk.dynalink jdk.internal.ed jdk.editpad jdk.hotspot.agent jdk.httpserver jdk.internal.le jdk.internal.vm.ci jdk.internal.vm.compiler jdk.internal.vm.compiler.management jdk.jartool jdk.javadoc jdk.jcmd jdk.management jdk.management.agent jdk.jconsole jdk.jdeps jdk.jdwp.agent jdk.jdi jdk.jfr jdk.jshell jdk.jsobject jdk.jstatd jdk.localedata jdk.management.jfr jdk.naming.dns jdk.naming.rmi jdk.net jdk.nio.mapmode jdk.random jdk.sctp jdk.security.auth jdk.security.jgss jdk.unsupported jdk.unsupported.desktop jdk.xml.dom" 

Environment Variables:
PATH=C:\Program Files\Eclipse Adoptium\jdk-21.0.9.10-hotspot\bin;C:\Program Files\Common Files\Oracle\Java\javapath;C:\Users\User\system\Documents\apache-maven-3.9.11\bin;C:\ProgramData\Oracle\Java\javapath;C:\WINDOWS\system32;C:\WINDOWS;C:\WINDOWS\System32\Wbem;C:\WINDOWS\System32\WindowsPowerShell\v1.0\;C:\WINDOWS\System32\OpenSSH\;C:\Program Files (x86)\dotnet\;C:\Program Files\dotnet\;C:\Program Files\Git\cmd;C:\Program Files\nodejs\;C:\Program Files\Go\bin;C:\Users\User\system\Documents\gradle-9.2.1\bin;C:\Program Files (x86)\NVIDIA Corporation\PhysX\Common;C:\Program Files\NVIDIA Corporation\NVIDIA NvDLISR;C:\Users\User\Downloads\platform-tools-latest-windows\platform-tools;C:\msys64\mingw64\bin;C:\xampp\php;C:\ProgramData\ComposerSetup\bin;C:\Strawberry\c\bin;C:\Strawberry\perl\site\bin;C:\Strawberry\perl\bin;C:\Users\User\AppData\Local\Microsoft\WindowsApps;C:\Users\User\.dotnet\tools;C:\Users\User\AppData\Roaming\npm;C:\Users\User\AppData\Local\Programs\Microsoft VS Code\bin;C:\Users\User\go\bin;C:\Users\User\AppData\Local\Programs\Antigravity\bin;C:\Users\User\AppData\Roaming\Composer\vendor\bin
USERNAME=User
OS=Windows_NT
PROCESSOR_IDENTIFIER=Intel64 Family 6 Model 94 Stepping 3, GenuineIntel
TMP=C:\Users\User\AppData\Local\Temp
TEMP=C:\Users\User\AppData\Local\Temp




Periodic native trim disabled

---------------  S Y S T E M  ---------------

OS:
 Windows 10 , 64 bit Build 19041 (10.0.19041.5915)
OS uptime: 5 days 9:06 hours

CPU: total 8 (initial active 8) (4 cores per cpu, 2 threads per core) family 6 model 94 stepping 3 microcode 0xcc, cx8, cmov, fxsr, ht, mmx, 3dnowpref, sse, sse2, sse3, ssse3, sse4.1, sse4.2, popcnt, lzcnt, tsc, tscinvbit, avx, avx2, aes, erms, clmul, bmi1, bmi2, rtm, adx, fma, vzeroupper, clflush, clflushopt, rdtscp, f16c
Processor Information for the first 8 processors :
  Max Mhz: 2592, Current Mhz: 2592, Mhz Limit: 2592

Memory: 4k page, system-wide physical 12183M (609M free)
TotalPageFile size 40711M (AvailPageFile size 23M)
current process WorkingSet (physical memory assigned to process): 39M, peak: 1724M
current process commit charge ("private bytes"): 1738M, peak: 1975M

vm_info: OpenJDK 64-Bit Server VM (21.0.9+10-LTS) for windows-amd64 JRE (21.0.9+10-LTS), built on 2025-10-21T00:00:00Z by "admin" with unknown MS VC++:1942

END.
