
  /$$$$$$  /$$       /$$       /$$  /$$$$$$                                           /$$
 /$$__  $$| $$      |__/      | $$ /$$__  $$                                         | $$
| $$  \__/| $$   /$$ /$$  /$$$$$$$| $$  \__//$$   /$$  /$$$$$$$  /$$$$$$$  /$$$$$$  /$$$$$$    /$$$$$$   /$$$$$$
|  $$$$$$ | $$  /$$/| $$ /$$__  $$| $$$$   | $$  | $$ /$$_____/ /$$_____/ |____  $$|_  $$_/   /$$__  $$ /$$__  $$
 \____  $$| $$$$$$/ | $$| $$  | $$| $$_/   | $$  | $$|  $$$$$$ | $$        /$$$$$$$  | $$    | $$  \ $$| $$  \__/
 /$$  \ $$| $$_  $$ | $$| $$  | $$| $$     | $$  | $$ \____  $$| $$       /$$__  $$  | $$ /$$| $$  | $$| $$
|  $$$$$$/| $$ \  $$| $$|  $$$$$$$| $$     |  $$$$$$/ /$$$$$$$/|  $$$$$$$|  $$$$$$$  |  $$$$/|  $$$$$$/| $$
 \______/ |__/  \__/|__/ \_______/|__/      \______/ |_______/  \_______/ \_______/   \___/   \______/ |__/

                               ?????????????????????????????????????????????
                               ?         Processors:   8 cores             ?
                               ?     Current Memory:   196mb               ?
                               ?         Max Memory:   [0;92m8389mb[0m              ?
                               ?????????????????????????????????????????????

                      Author: Ghast     Version: 2.0.11     Today: Mar 17, 2026, 2:45:25?PM

2026-03-17 14:45:25 INFO  - 
[0;33m???    ??? ?????? ??????? ????   ??????????   ??? ??????? 
???    ????????????????????????  ???????????  ??????????? 
??? ?? ????????????????????????? ???????????? ??????  ????
????????????????????????????????????????????????????   ???
?????????????  ??????  ?????? ???????????? ???????????????
 ???????? ???  ??????  ??????  ???????????  ????? ??????? 

??  Warning! Skidfuscator has deprecated the exempt file!
[0m
  Launching migrator service...
  Config will be found at C:\Users\User\system\Documents\falcon\build_scripts\config.hocon

>>  Successfully found 4 exclusions
>>  Converting...
>>  Converted!
[F[2K2026-03-17 14:45:25 WARN  - -----------------------------------------------------
Config is not in workspace
Your current working directory is: C:\Users\User\system\Documents\falcon
Your current config path is: C:\Users\User\system\Documents\falcon\build_scripts\config.hocon
Please execute Skidfuscator in the same directory as your config for best compatibility!!
----------------------------------------------------- 

